// Jest Snapshot v1, https://goo.gl/fbAQLP

exports[`<_CharacterPage /> renders correctly 1`] = `
<div>
  <content
    className="pageContainer"
  >
    <WithStyles(Paper)
      className="itemProfile"
      elevation={12}
    >
      <h1
        className="itemProfileTitle"
      >
        Abomination
      </h1>
      <Component
        imgSize="portrait_uncanny"
        item={
          Object {
            "comics": Object {
              "available": 10,
            },
            "description": "He's an abomination",
            "id": 1009146,
            "name": "Abomination",
            "series": Object {
              "available": 2,
            },
            "stories": Object {
              "available": 5,
            },
            "thumbnail": Object {
              "extension": "png",
              "path": "/a/href/to/an/image",
            },
            "urls": Array [
              Object {
                "type": "wiki",
                "url": "/aURL",
              },
            ],
          }
        }
      />
      <WithStyles(Typography)
        align="center"
        variant="body2"
      >
        <p>
          He's an abomination
        </p>
        <p>
          10 Comics
        </p>
        <p>
          2 Series
        </p>
        <p>
          5 Stories
        </p>
      </WithStyles(Typography)>
      <WithStyles(Button)
        color="secondary"
        variant="raised"
      >
        <Link
          href="/aURL"
          replace={false}
          target="_blank"
          to="/aURL"
        >
          Wiki
        </Link>
      </WithStyles(Button)>
    </WithStyles(Paper)>
  </content>
</div>
`;
