// Jest Snapshot v1, https://goo.gl/fbAQLP

exports[`<HomePage /> renders correctly 1`] = `
<div>
  <h1>
    Loading Random 
    Character
    .....
  </h1>
  <div>
    <img
      alt="loading"
      className="loadingSpinner"
      src="loading.svg"
    />
  </div>
</div>
`;
